{
  "dateEnd": "2025-07-19T20:00:00+0930",
  "dateStart": "2025-07-19T14:30:00+0930",
  "supported": true,
  "website": "https://www.eventbrite.com/e/some-event-url"
}
